/*C3*/SET SCHEMA PUBLIC
DISCONNECT
/*C4*/SET SCHEMA PUBLIC
DELETE FROM COMMERCIALDOCUMENT WHERE OID='40280e0083230f300183230fc1d30000'
INSERT INTO COMMERCIALDOCUMENT VALUES('Order','40280e0083230f300183230fc1d30000','2022-09-01',3,'',2022,3,'40280e00830e8cff01830e8eb30d0003',0.00,0.00,21,1,TRUE,NULL,FALSE)
DELETE FROM COMMERCIALDOCUMENT_DETAILS WHERE COMMERCIALDOCUMENT_OID='40280e0083230f300183230fc1d30000' AND PRODUCT_NUMBER=1 AND QUANTITY=2 AND PRICEPERUNIT=399.00
INSERT INTO COMMERCIALDOCUMENT_DETAILS VALUES('40280e0083230f300183230fc1d30000',1,2,399.00)
COMMIT
DELETE FROM COMMERCIALDOCUMENT WHERE OID='4028e4b78ef382df018ef3cf57060009'
INSERT INTO COMMERCIALDOCUMENT VALUES('Order','4028e4b78ef382df018ef3cf57060009','2024-01-18',4,'',2024,2,'4028e4b78ef382df018ef3e06e3c0012',335.17,58.17,21,1,TRUE,NULL,FALSE)
DELETE FROM COMMERCIALDOCUMENT_DETAILS WHERE COMMERCIALDOCUMENT_OID='4028e4b78ef382df018ef3cf57060009' AND PRODUCT_NUMBER=8 AND QUANTITY=1 AND PRICEPERUNIT=30.00
DELETE FROM COMMERCIALDOCUMENT_DETAILS WHERE COMMERCIALDOCUMENT_OID='4028e4b78ef382df018ef3cf57060009' AND PRODUCT_NUMBER=9 AND QUANTITY=1 AND PRICEPERUNIT=49.00
DELETE FROM COMMERCIALDOCUMENT_DETAILS WHERE COMMERCIALDOCUMENT_OID='4028e4b78ef382df018ef3cf57060009' AND PRODUCT_NUMBER=10 AND QUANTITY=2 AND PRICEPERUNIT=99.00
INSERT INTO COMMERCIALDOCUMENT_DETAILS VALUES('4028e4b78ef382df018ef3cf57060009',8,1,30.00)
INSERT INTO COMMERCIALDOCUMENT_DETAILS VALUES('4028e4b78ef382df018ef3cf57060009',9,1,49.00)
INSERT INTO COMMERCIALDOCUMENT_DETAILS VALUES('4028e4b78ef382df018ef3cf57060009',10,2,99.00)
COMMIT
DELETE FROM COMMERCIALDOCUMENT WHERE OID='4028e4b78ef382df018ef3d7192d000b'
INSERT INTO COMMERCIALDOCUMENT VALUES('Order','4028e4b78ef382df018ef3d7192d000b','2024-03-18',6,'',2024,3,'4028e4b78ef382df018ef3e0ed1c001b',214.17,37.17,21,1,TRUE,NULL,FALSE)
DELETE FROM COMMERCIALDOCUMENT_DETAILS WHERE COMMERCIALDOCUMENT_OID='4028e4b78ef382df018ef3d7192d000b' AND PRODUCT_NUMBER=11 AND QUANTITY=1 AND PRICEPERUNIT=17.00
DELETE FROM COMMERCIALDOCUMENT_DETAILS WHERE COMMERCIALDOCUMENT_OID='4028e4b78ef382df018ef3d7192d000b' AND PRODUCT_NUMBER=12 AND QUANTITY=1 AND PRICEPERUNIT=24.00
DELETE FROM COMMERCIALDOCUMENT_DETAILS WHERE COMMERCIALDOCUMENT_OID='4028e4b78ef382df018ef3d7192d000b' AND PRODUCT_NUMBER=13 AND QUANTITY=2 AND PRICEPERUNIT=19.00
DELETE FROM COMMERCIALDOCUMENT_DETAILS WHERE COMMERCIALDOCUMENT_OID='4028e4b78ef382df018ef3d7192d000b' AND PRODUCT_NUMBER=14 AND QUANTITY=2 AND PRICEPERUNIT=19.00
DELETE FROM COMMERCIALDOCUMENT_DETAILS WHERE COMMERCIALDOCUMENT_OID='4028e4b78ef382df018ef3d7192d000b' AND PRODUCT_NUMBER=15 AND QUANTITY=1 AND PRICEPERUNIT=60.00
INSERT INTO COMMERCIALDOCUMENT_DETAILS VALUES('4028e4b78ef382df018ef3d7192d000b',11,1,17.00)
INSERT INTO COMMERCIALDOCUMENT_DETAILS VALUES('4028e4b78ef382df018ef3d7192d000b',12,1,24.00)
INSERT INTO COMMERCIALDOCUMENT_DETAILS VALUES('4028e4b78ef382df018ef3d7192d000b',13,2,19.00)
INSERT INTO COMMERCIALDOCUMENT_DETAILS VALUES('4028e4b78ef382df018ef3d7192d000b',14,2,19.00)
INSERT INTO COMMERCIALDOCUMENT_DETAILS VALUES('4028e4b78ef382df018ef3d7192d000b',15,1,60.00)
COMMIT
